Number of symmetry operations:  4
Op #: 1
 -0.996529   0.000000  -0.083249
 -0.000000   1.000000  -0.000000
 -0.083249   0.000000   0.996529
shift:   1.4210  -0.0000   0.0593
Op #: 2
 -1.000000   0.000000   0.000000
  0.000000  -1.000000  -0.000000
  0.000000   0.000000  -1.000000
shift:   2.9702   2.1499  29.5523
Op #: 3
  1.000000   0.000000   0.000000
  0.000000   1.000000   0.000000
  0.000000   0.000000   1.000000
shift:  -0.0000  -0.0000  -0.0000
Op #: 4
  0.996529   0.000000   0.083249
  0.000000  -1.000000   0.000000
  0.083249   0.000000  -0.996529
shift:   1.5492   2.1499  29.4931
