 Original concentration ranges:
   1    1    4
   3    3    4

 Numbers for given cell size:
   2    2    8
   6    6    8

 Number of discrete partitions:     1

 generated list:
   2    6
