 Original concentration ranges:
   0    0    1
   0    0    1

 Numbers for given cell size:
   0    0    0
   0    0    0

 Number of discrete partitions:     1

 generated list:
   0    0
